// Jest Snapshot v1, https://goo.gl/fbAQLP

exports[`<AvatarOverlay renders a overlay avatar 1`] = `
<div
  className="account__avatar-overlay"
>
  <div
    className="account__avatar-overlay-base"
    style={
      {
        "backgroundImage": "url(/static/alice.jpg)",
      }
    }
  />
  <div
    className="account__avatar-overlay-overlay"
    style={
      {
        "backgroundImage": "url(/static/eve.jpg)",
      }
    }
  />
</div>
`;
